Result[0] = four
Result[1] = two
Result[2] = one
Result[3] = three
